
> zaubacorp-dashboard@0.1.0 build
> next build

Γû▓ Next.js 16.2.0 (Turbopack)
- Environments: .env

node.exe : ΓÜá The "middleware" file convention is 
deprecated. Please use "proxy" instead. Learn more: 
https://nextjs.org/docs/messages/middleware-to-proxy
At C:\Program Files\nodejs\npm.ps1:29 char:3
+   & $NODE_EXE $NPM_CLI_JS $args
+   ~~~~~~~~~~~~~~~~~~~~~~~~~~~~~
    + CategoryInfo          : NotSpecified: (ΓÜá Th 
   e "middle...leware-to-proxy:String) [], RemoteE  
  xception
    + FullyQualifiedErrorId : NativeCommandError
 
  Creating an optimized production build ...
Γ£ô Compiled successfully in 3.9s
  Running TypeScript ...
Failed to type check.

.next/types/validator.ts:126:31
Type error: Type 'typeof import("D:/Anit Workspace/D
ataCorp/zaubacorp-dashboard/app/api/companies/[cin]/
route")' does not satisfy the constraint 
'RouteHandlerConfig<"/api/companies/[cin]">'.
  Types of property 'GET' are incompatible.
    Type '(req: Request, { params }: { params: { 
cin: string; }; }) => Promise<NextResponse<{ 
message: string; }> | NextResponse<{ directors: { 
id: string; name: string; designation: string | 
null; company_id: string; }[]; } & { ...; }>>' is 
not assignable to type '(request: NextRequest, 
context: { params: Promise<{ cin: string; }>; }) => 
void | Response | Promise<void | Response>'.
      Types of parameters '__1' and 'context' are 
incompatible.
        Type '{ params: Promise<{ cin: string; }>; 
}' is not assignable to type '{ params: { cin: 
string; }; }'.
          Types of property 'params' are 
incompatible.
            Property 'cin' is missing in type 
'Promise<{ cin: string; }>' but required in type '{ 
cin: string; }'.

  [90m124 |[0m   [36mtype[0m 
__IsExpected<[33mSpecific[0m [36mextends[0m [33
mRouteHandlerConfig[0m<[32m"/api/companies/[cin]"
[0m>> = [33mSpecific[0m
  [90m125 |[0m   [36mconst[0m handler = {} 
[36mas[0m [36mtypeof[0m [36mimport[0m([32m"..
/../app/api/companies/[cin]/route.js"[0m)
[31m[1m>[0m [90m126 |[0m   [36mtype[0m 
__Check = __IsExpected<[36mtypeof[0m handler>
  [90m    |[0m                               
[31m[1m^[0m
  [90m127 |[0m   [90m// @ts-ignore[0m
  [90m128 |[0m   [36mtype[0m __Unused = __Check
  [90m129 |[0m }
Next.js build worker exited with code: 1 and 
signal: null
