
> zaubacorp-dashboard@0.1.0 build
> next build

Γû▓ Next.js 16.2.0 (Turbopack)
- Environments: .env

node.exe : ΓÜá The "middleware" file convention is 
deprecated. Please use "proxy" instead. Learn more: 
https://nextjs.org/docs/messages/middleware-to-proxy
At C:\Program Files\nodejs\npm.ps1:29 char:3
+   & $NODE_EXE $NPM_CLI_JS $args
+   ~~~~~~~~~~~~~~~~~~~~~~~~~~~~~
    + CategoryInfo          : NotSpecified: (ΓÜá Th 
   e "middle...leware-to-proxy:String) [], RemoteE  
  xception
    + FullyQualifiedErrorId : NativeCommandError
 
  Creating an optimized production build ...
Γ£ô Compiled successfully in 5.0s
  Running TypeScript ...
  Finished TypeScript in 4.3s ...
  Collecting page data using 11 workers ...

> Build error occurred
Error: The file "./middleware.ts" must export a 
function, either as a default export or as a named 
"middleware" export.
This function is what Next.js runs for every 
request handled by this middleware.

Why this happens:
- The file exists but doesn't export a function.
- The export is not a function (e.g., an object or 
constant).
- There's a syntax error preventing the export from 
being recognized.

To fix it:
- Ensure this file has either a default or 
"middleware" function export.

Learn more: 
https://nextjs.org/docs/messages/middleware-to-proxy
    at ignore-listed frames
